<html>
<body>
<pre>
<h1>µVision Build Log</h1>
<h2>Tool Versions:</h2>
IDE-Version: µVision V5.27.1.0
Copyright (C) 2019 ARM Ltd and ARM Germany GmbH. All rights reserved.
License Information: Ebru Kardaþ, Miltera, LIC=----
 
Tool Versions:
Toolchain:       MDK-Lite  Version: 5.27.1.0
Toolchain Path:  C:\Keil_v5\ARM\ARMCC\Bin
C Compiler:      Armcc.exe V5.06 update 6 (build 750)
Assembler:       Armasm.exe V5.06 update 6 (build 750)
Linker/Locator:  ArmLink.exe V5.06 update 6 (build 750)
Library Manager: ArmAr.exe V5.06 update 6 (build 750)
Hex Converter:   FromElf.exe V5.06 update 6 (build 750)
CPU DLL:         
Dialog DLL:      
Target DLL:      Segger\JL2CM3.dll V2.99.35.0
Dialog DLL:      TCM.DLL V1.36.1.0
 
<h2>Project:</h2>
C:\Users\ekardas\Desktop\In_Door_Localization\14.03.2019_TOF_Demo\dwm1001-examples-master\examples\GATEWAY\Keil uvision\ss_twr_init.uvprojx
Project File Date:  03/14/2019

<h2>Output:</h2>
*** Using Compiler 'V5.06 update 6 (build 750)', folder: 'C:\Keil_v5\ARM\ARMCC\Bin'
Build target 'nrf52832_xxaa'
compiling ss_init_main.c...
..\ss_init_main.c(128): warning:  #940-D: missing return statement at end of non-void function "ss_init_run" 
  }
..\ss_init_main.c(36): warning:  #177-D: variable "tx_poll_msg"  was declared but never referenced
  static uint8 tx_poll_msg[] = {0x41, 0x88, 0, 0xCA, 0xDE, 'C', 'A', 'D', 'E', 0xE0, 0, 0};
..\ss_init_main.c(37): warning:  #177-D: variable "rx_resp_msg"  was declared but never referenced
  static uint8 rx_resp_msg[] = {0x41, 0x88, 0, 0xCA, 0xDE, 'D', 'E', 'C', 'A', 0xE1, 0, 0, 0, 0, 0, 0, 0, 0, 0, 0};
..\ss_init_main.c(38): warning:  #177-D: variable "tx_gateway_msg"  was declared but never referenced
  static uint8 tx_gateway_msg[] = {
..\ss_init_main.c(54): warning:  #177-D: variable "frame_seq_nb"  was declared but never referenced
  static uint8 frame_seq_nb = 0;
..\ss_init_main.c(63): warning:  #177-D: variable "status_reg"  was declared but never referenced
  static uint32 status_reg = 0;
..\ss_init_main.c(73): warning:  #177-D: variable "tof"  was declared but never referenced
  static double tof;
..\ss_init_main.c(74): warning:  #177-D: variable "distance"  was declared but never referenced
  static double distance;
..\ss_init_main.c(141): warning:  #177-D: function "resp_msg_get_ts"  was declared but never referenced
  static void resp_msg_get_ts(uint8 *ts_field, uint32 *ts)
..\ss_init_main.c(151): warning:  #177-D: function "print_msg"  was declared but never referenced
  static void print_msg(uint8 *msg, uint32 size)
..\ss_init_main.c: 10 warnings, 0 errors
linking...
Program Size: Code=19044 RO-data=944 RW-data=256 ZI-data=21536  
FromELF: creating hex file...
".\_build\nrf52832_xxaa.axf" - 0 Error(s), 10 Warning(s).

<h2>Software Packages used:</h2>

Package Vendor: ARM
                http://www.keil.com/pack/ARM.CMSIS.4.5.0.pack
                ARM.CMSIS.4.5.0
                CMSIS (Cortex Microcontroller Software Interface Standard)
   * Component: CORE Version: 4.3.0

Package Vendor: NordicSemiconductor
                http://developer.nordicsemi.com/nRF5_SDK/pieces/nRF_DeviceFamilyPack/NordicSemiconductor.nRF_DeviceFamilyPack.8.15.0.pack
                NordicSemiconductor.nRF_DeviceFamilyPack.8.15.0
                Nordic Semiconductor nRF ARM devices Device Family Pack.
   * Component: Startup Version: 8.15.0

<h2>Collection of Component include folders:</h2>
  .\RTE\_nrf52832_xxaa
  C:\Users\ekardas\AppData\Local\Arm\Packs\ARM\CMSIS\4.5.0\CMSIS\Include
  C:\Users\ekardas\AppData\Local\Arm\Packs\NordicSemiconductor\nRF_DeviceFamilyPack\8.15.0\Device\Include

<h2>Collection of Component Files used:</h2>

   * Component: ARM::CMSIS:CORE:4.3.0

   * Component: NordicSemiconductor::Device:Startup:8.15.0
      Include file:  Device\Include\system_nrf52.h
      Source file:   Device\Source\system_nrf52.c
      Source file:   Device\Source\arm\arm_startup_nrf52.s
Build Time Elapsed:  00:00:02
</pre>
</body>
</html>
